// Vitest Snapshot v1, https://vitest.dev/guide/snapshot.html

exports[`Greeting Component > should render 1`] = `
<DocumentFragment>
  <h1>
    Hello, Bob
  </h1>
</DocumentFragment>
`;
